Archive member included because of file (symbol)

c:/program files (x86)/gnu tools arm embedded/4.7 2013q3/bin/../lib/gcc/arm-none-eabi/4.7.4/../../../../arm-none-eabi/lib/armv7e-m/fpu\libg.a(lib_a-malloc.o)
                              ..\obj\tasks.o (malloc)
c:/program files (x86)/gnu tools arm embedded/4.7 2013q3/bin/../lib/gcc/arm-none-eabi/4.7.4/../../../../arm-none-eabi/lib/armv7e-m/fpu\libg.a(lib_a-mallocr.o)
                              c:/program files (x86)/gnu tools arm embedded/4.7 2013q3/bin/../lib/gcc/arm-none-eabi/4.7.4/../../../../arm-none-eabi/lib/armv7e-m/fpu\libg.a(lib_a-malloc.o) (_malloc_r)
c:/program files (x86)/gnu tools arm embedded/4.7 2013q3/bin/../lib/gcc/arm-none-eabi/4.7.4/../../../../arm-none-eabi/lib/armv7e-m/fpu\libg.a(lib_a-memcpy.o)
                              ..\obj\queue.o (memcpy)
c:/program files (x86)/gnu tools arm embedded/4.7 2013q3/bin/../lib/gcc/arm-none-eabi/4.7.4/../../../../arm-none-eabi/lib/armv7e-m/fpu\libg.a(lib_a-memset.o)
                              ..\obj\tasks.o (memset)
c:/program files (x86)/gnu tools arm embedded/4.7 2013q3/bin/../lib/gcc/arm-none-eabi/4.7.4/../../../../arm-none-eabi/lib/armv7e-m/fpu\libg.a(lib_a-mlock.o)
                              c:/program files (x86)/gnu tools arm embedded/4.7 2013q3/bin/../lib/gcc/arm-none-eabi/4.7.4/../../../../arm-none-eabi/lib/armv7e-m/fpu\libg.a(lib_a-mallocr.o) (__malloc_lock)
c:/program files (x86)/gnu tools arm embedded/4.7 2013q3/bin/../lib/gcc/arm-none-eabi/4.7.4/../../../../arm-none-eabi/lib/armv7e-m/fpu\libg.a(lib_a-sbrkr.o)
                              c:/program files (x86)/gnu tools arm embedded/4.7 2013q3/bin/../lib/gcc/arm-none-eabi/4.7.4/../../../../arm-none-eabi/lib/armv7e-m/fpu\libg.a(lib_a-mallocr.o) (_sbrk_r)
c:/program files (x86)/gnu tools arm embedded/4.7 2013q3/bin/../lib/gcc/arm-none-eabi/4.7.4/../../../../arm-none-eabi/lib/armv7e-m/fpu\libg.a(lib_a-sprintf.o)
                              ..\obj\tasks.o (sprintf)
c:/program files (x86)/gnu tools arm embedded/4.7 2013q3/bin/../lib/gcc/arm-none-eabi/4.7.4/../../../../arm-none-eabi/lib/armv7e-m/fpu\libg.a(lib_a-strcat.o)
                              ..\obj\tasks.o (strcat)
c:/program files (x86)/gnu tools arm embedded/4.7 2013q3/bin/../lib/gcc/arm-none-eabi/4.7.4/../../../../arm-none-eabi/lib/armv7e-m/fpu\libg.a(lib_a-strcpy.o)
                              c:/program files (x86)/gnu tools arm embedded/4.7 2013q3/bin/../lib/gcc/arm-none-eabi/4.7.4/../../../../arm-none-eabi/lib/armv7e-m/fpu\libg.a(lib_a-strcat.o) (strcpy)
c:/program files (x86)/gnu tools arm embedded/4.7 2013q3/bin/../lib/gcc/arm-none-eabi/4.7.4/../../../../arm-none-eabi/lib/armv7e-m/fpu\libg.a(lib_a-strlen.o)
                              ..\obj\tasks.o (strlen)
c:/program files (x86)/gnu tools arm embedded/4.7 2013q3/bin/../lib/gcc/arm-none-eabi/4.7.4/../../../../arm-none-eabi/lib/armv7e-m/fpu\libg.a(lib_a-strncpy.o)
                              ..\obj\tasks.o (strncpy)
c:/program files (x86)/gnu tools arm embedded/4.7 2013q3/bin/../lib/gcc/arm-none-eabi/4.7.4/../../../../arm-none-eabi/lib/armv7e-m/fpu\libg.a(lib_a-svfprintf.o)
                              c:/program files (x86)/gnu tools arm embedded/4.7 2013q3/bin/../lib/gcc/arm-none-eabi/4.7.4/../../../../arm-none-eabi/lib/armv7e-m/fpu\libg.a(lib_a-sprintf.o) (_svfprintf_r)
c:/program files (x86)/gnu tools arm embedded/4.7 2013q3/bin/../lib/gcc/arm-none-eabi/4.7.4/../../../../arm-none-eabi/lib/armv7e-m/fpu\libg.a(lib_a-dtoa.o)
                              c:/program files (x86)/gnu tools arm embedded/4.7 2013q3/bin/../lib/gcc/arm-none-eabi/4.7.4/../../../../arm-none-eabi/lib/armv7e-m/fpu\libg.a(lib_a-svfprintf.o) (_dtoa_r)
c:/program files (x86)/gnu tools arm embedded/4.7 2013q3/bin/../lib/gcc/arm-none-eabi/4.7.4/../../../../arm-none-eabi/lib/armv7e-m/fpu\libg.a(lib_a-freer.o)
                              c:/program files (x86)/gnu tools arm embedded/4.7 2013q3/bin/../lib/gcc/arm-none-eabi/4.7.4/../../../../arm-none-eabi/lib/armv7e-m/fpu\libg.a(lib_a-malloc.o) (_free_r)
c:/program files (x86)/gnu tools arm embedded/4.7 2013q3/bin/../lib/gcc/arm-none-eabi/4.7.4/../../../../arm-none-eabi/lib/armv7e-m/fpu\libg.a(lib_a-impure.o)
                              c:/program files (x86)/gnu tools arm embedded/4.7 2013q3/bin/../lib/gcc/arm-none-eabi/4.7.4/../../../../arm-none-eabi/lib/armv7e-m/fpu\libg.a(lib_a-malloc.o) (_impure_ptr)
c:/program files (x86)/gnu tools arm embedded/4.7 2013q3/bin/../lib/gcc/arm-none-eabi/4.7.4/../../../../arm-none-eabi/lib/armv7e-m/fpu\libg.a(lib_a-locale.o)
                              c:/program files (x86)/gnu tools arm embedded/4.7 2013q3/bin/../lib/gcc/arm-none-eabi/4.7.4/../../../../arm-none-eabi/lib/armv7e-m/fpu\libg.a(lib_a-svfprintf.o) (_localeconv_r)
c:/program files (x86)/gnu tools arm embedded/4.7 2013q3/bin/../lib/gcc/arm-none-eabi/4.7.4/../../../../arm-none-eabi/lib/armv7e-m/fpu\libg.a(lib_a-memchr.o)
[...]
Memory Configuration

Name             Origin             Length             Attributes
rom              0x08000000         0x00100000         xr
ram              0x20000000         0x00020000         xrw
ram1             0x10000000         0x00010000         xrw
*default*        0x00000000         0xffffffff

Linker script and memory map

                0x20020000                _eram = 0x20020000

.text           0x08000000     0x2e24
 *(.isr_vector .isr_vector.*)
 .isr_vector    0x08000000      0x188 ..\obj\startup_stm32f4xx.o
                0x08000000                g_pfnVectors
 *(.text .text.* .gnu.linkonce.t.*)
 .text.SYSCFG_EXTILineConfig
                0x08000188       0xb0 ..\obj\stm32f4xx_syscfg.o
                0x08000188                SYSCFG_EXTILineConfig
 .text.SIcamera
                0x08000238       0x5c ..\obj\camera.o
                0x08000238                SIcamera
 .text.vClockCamera_Timer4_CH1_PB6
                0x08000294       0xfc ..\obj\camera.o
                0x08000294                vClockCamera_Timer4_CH1_PB6
 .text.vSICameraGpio_PB7
                0x08000390       0x48 ..\obj\camera.o
                0x08000390                vSICameraGpio_PB7
 .text.Default_Reset_Handler
                0x080003d8       0xa4 ..\obj\startup_stm32f4xx.o
                0x080003d8                Default_Reset_Handler
                0x080003d8                Reset_Handler
 .text.Default_Handler
                0x0800047c        0x8 ..\obj\startup_stm32f4xx.o
                0x0800047c                RTC_Alarm_IRQHandler
                0x0800047c                HASH_RNG_IRQHandler
                0x0800047c                EXTI2_IRQHandler
                0x0800047c                TIM8_CC_IRQHandler
                0x0800047c                DebugMon_Handler
                0x0800047c                TIM1_CC_IRQHandler
                0x0800047c                DMA2_Stream5_IRQHandler
                0x0800047c                HardFault_Handler
                0x0800047c                DMA1_Stream5_IRQHandler
                0x0800047c                PVD_IRQHandler
                0x0800047c                SDIO_IRQHandler
                0x0800047c                TAMP_STAMP_IRQHandler
                0x0800047c                NMI_Handler
                0x0800047c                CAN2_RX1_IRQHandler
                0x0800047c                EXTI3_IRQHandler
                0x0800047c                TIM8_TRG_COM_TIM14_IRQHandler
                0x0800047c                TIM1_UP_TIM10_IRQHandler
                0x0800047c                TIM8_UP_TIM13_IRQHandler
                0x0800047c                I2C3_ER_IRQHandler
                0x0800047c                EXTI0_IRQHandler
                0x0800047c                I2C2_EV_IRQHandler
                0x0800047c                DMA1_Stream2_IRQHandler
                0x0800047c                CAN1_RX0_IRQHandler
                0x0800047c                FPU_IRQHandler
                0x0800047c                OTG_HS_WKUP_IRQHandler
                0x0800047c                UsageFault_Handler
                0x0800047c                CAN2_SCE_IRQHandler
                0x0800047c                DMA2_Stream2_IRQHandler
                0x0800047c                SPI1_IRQHandler
                0x0800047c                TIM6_DAC_IRQHandler
                0x0800047c                TIM1_BRK_TIM9_IRQHandler
                0x0800047c                DCMI_IRQHandler
                0x0800047c                CAN2_RX0_IRQHandler
                0x0800047c                DMA2_Stream3_IRQHandler
                0x0800047c                USART6_IRQHandler
                0x0800047c                USART3_IRQHandler
                0x0800047c                CRYP_IRQHandler
                0x0800047c                CAN1_RX1_IRQHandler
                0x0800047c                UART5_IRQHandler
                0x0800047c                DMA2_Stream0_IRQHandler
                0x0800047c                TIM4_IRQHandler
                0x0800047c                I2C1_EV_IRQHandler
                0x0800047c                DMA1_Stream6_IRQHandler
                0x0800047c                DMA1_Stream1_IRQHandler
                0x0800047c                UART4_IRQHandler
                0x0800047c                TIM3_IRQHandler
                0x0800047c                RCC_IRQHandler
                0x0800047c                TIM8_BRK_TIM12_IRQHandler
                0x0800047c                EXTI15_10_IRQHandler
                0x0800047c                ADC_IRQHandler
                0x0800047c                DMA1_Stream7_IRQHandler
                0x0800047c                TIM7_IRQHandler
                0x0800047c                CAN2_TX_IRQHandler
                0x0800047c                TIM5_IRQHandler
                0x0800047c                DMA2_Stream7_IRQHandler
                0x0800047c                I2C3_EV_IRQHandler
                0x0800047c                RTC_WKUP_IRQHandler
                0x0800047c                ETH_WKUP_IRQHandler
                0x0800047c                SPI2_IRQHandler
                0x0800047c                OTG_HS_EP1_IN_IRQHandler
                0x0800047c                MemManage_Handler
                0x0800047c                DMA1_Stream0_IRQHandler
                0x0800047c                CAN1_TX_IRQHandler
                0x0800047c                EXTI4_IRQHandler
                0x0800047c                FSMC_IRQHandler
                0x0800047c                ETH_IRQHandler
                0x0800047c                OTG_HS_EP1_OUT_IRQHandler
                0x0800047c                WWDG_IRQHandler
                0x0800047c                TIM2_IRQHandler
                0x0800047c                OTG_FS_WKUP_IRQHandler
                0x0800047c                TIM1_TRG_COM_TIM11_IRQHandler
                0x0800047c                OTG_HS_IRQHandler
                0x0800047c                EXTI1_IRQHandler
                0x0800047c                USART2_IRQHandler
                0x0800047c                I2C2_ER_IRQHandler
                0x0800047c                DMA2_Stream1_IRQHandler
                0x0800047c                CAN1_SCE_IRQHandler
                0x0800047c                FLASH_IRQHandler
                0x0800047c                DMA2_Stream4_IRQHandler
                0x0800047c                BusFault_Handler
                0x0800047c                USART1_IRQHandler
                0x0800047c                OTG_FS_IRQHandler
                0x0800047c                SPI3_IRQHandler
                0x0800047c                DMA1_Stream4_IRQHandler
                0x0800047c                I2C1_ER_IRQHandler
                0x0800047c                DMA2_Stream6_IRQHandler
                0x0800047c                DMA1_Stream3_IRQHandler
 .text.main     0x08000484       0x90 ..\obj\main.o
                0x08000484                main
 .text.EXTI9_5_IRQHandler
                0x08000514       0x38 ..\obj\main.o
                0x08000514                EXTI9_5_IRQHandler
 .text.RCC_AHB1PeriphClockCmd
                0x0800054c       0x54 ..\obj\stm32f4xx_rcc.o
                0x0800054c                RCC_AHB1PeriphClockCmd
 .text.RCC_APB1PeriphClockCmd
                0x080005a0       0x54 ..\obj\stm32f4xx_rcc.o
                0x080005a0                RCC_APB1PeriphClockCmd
 .text.RCC_APB2PeriphClockCmd
                0x080005f4       0x54 ..\obj\stm32f4xx_rcc.o
                0x080005f4                RCC_APB2PeriphClockCmd
 .text.EXTILine6_Config_PB6
                0x08000648       0x6c ..\obj\interruption.o
                0x08000648                EXTILine6_Config_PB6
 .text.ADC_Init
                0x080006b4       0xb8 ..\obj\stm32f4xx_adc.o
                0x080006b4                ADC_Init
 .text.ADC_StructInit
                0x0800076c       0x4c ..\obj\stm32f4xx_adc.o
                0x0800076c                ADC_StructInit
 .text.ADC_CommonInit
                0x080007b8       0x5c ..\obj\stm32f4xx_adc.o
                0x080007b8                ADC_CommonInit
 .text.ADC_Cmd  0x08000814       0x38 ..\obj\stm32f4xx_adc.o
                0x08000814                ADC_Cmd
 .text.ADC_RegularChannelConfig
                0x0800084c      0x1bc ..\obj\stm32f4xx_adc.o
                0x0800084c                ADC_RegularChannelConfig
 .text.ADC_SoftwareStartConv
                0x08000a08       0x20 ..\obj\stm32f4xx_adc.o
                0x08000a08                ADC_SoftwareStartConv
 .text.ADC_EOCOnEachRegularChannelCmd
                0x08000a28       0x38 ..\obj\stm32f4xx_adc.o
                0x08000a28                ADC_EOCOnEachRegularChannelCmd
 .text.ADC_GetConversionValue
                0x08000a60       0x1c ..\obj\stm32f4xx_adc.o
                0x08000a60                ADC_GetConversionValue
 .text.xTaskGenericCreate
                0x08000a7c      0x1a8 ..\obj\tasks.o
                0x08000a7c                xTaskGenericCreate
 .text.vTaskStartScheduler
                0x08000c24       0x78 ..\obj\tasks.o
                0x08000c24                vTaskStartScheduler
 .text.vTaskSuspendAll
                0x08000c9c       0x24 ..\obj\tasks.o
                0x08000c9c                vTaskSuspendAll
 .text.xTaskResumeAll
                0x08000cc0      0x150 ..\obj\tasks.o
                0x08000cc0                xTaskResumeAll
 .text.vTaskIncrementTick
                0x08000e10      0x1b4 ..\obj\tasks.o
                0x08000e10                vTaskIncrementTick
 .text.vTaskSwitchContext
                0x08000fc4      0x104 ..\obj\tasks.o
                0x08000fc4                vTaskSwitchContext
 .text.prvIdleTask
                0x080010c8       0x24 ..\obj\tasks.o
 .text.prvInitialiseTCBVariables
                0x080010ec       0x88 ..\obj\tasks.o
 .text.prvInitialiseTaskLists
                0x08001174       0xa4 ..\obj\tasks.o
 .text.prvCheckTasksWaitingTermination
                0x08001218       0x98 ..\obj\tasks.o
 .text.prvAllocateTCBAndStack
                0x080012b0       0x74 ..\obj\tasks.o
 .text.prvDeleteTCB
                0x08001324       0x20 ..\obj\tasks.o
 .text.GPIO_Init
                0x08001344      0x144 ..\obj\stm32f4xx_gpio.o
                0x08001344                GPIO_Init
 .text.GPIO_StructInit
                0x08001488       0x3c ..\obj\stm32f4xx_gpio.o
                0x08001488                GPIO_StructInit
 .text.GPIO_SetBits
                0x080014c4       0x1c ..\obj\stm32f4xx_gpio.o
                0x080014c4                GPIO_SetBits
 .text.GPIO_ResetBits
                0x080014e0       0x1c ..\obj\stm32f4xx_gpio.o
                0x080014e0                GPIO_ResetBits
 .text.GPIO_PinAFConfig
                0x080014fc       0xa8 ..\obj\stm32f4xx_gpio.o
                0x080014fc                GPIO_PinAFConfig
 .text.vListInitialise
                0x080015a4       0x40 ..\obj\list.o
                0x080015a4                vListInitialise
 .text.vListInitialiseItem
                0x080015e4       0x1c ..\obj\list.o
                0x080015e4                vListInitialiseItem
 .text.vListInsertEnd
                0x08001600       0x50 ..\obj\list.o
                0x08001600                vListInsertEnd
 .text.vListRemove
                0x08001650       0x54 ..\obj\list.o
                0x08001650                vListRemove
 .text.SystemInit
                0x080016a4       0xb0 ..\obj\system_stm32f4xx.o
                0x080016a4                SystemInit
 .text.SystemCoreClockUpdate
                0x08001754      0x170 ..\obj\system_stm32f4xx.o
                0x08001754                SystemCoreClockUpdate
 .text.SetSysClock
                0x080018c4      0x188 ..\obj\system_stm32f4xx.o
 .text._sbrk    0x08001a4c       0x5c ..\obj\syscalls.o
                0x08001a4c                _sbrk
 .text.AoAdc    0x08001aa8       0x80 ..\obj\adc.o
                0x08001aa8                AoAdc
 .text.GPIO_Config_Camera_Adc1_PA1
                0x08001b28       0x5c ..\obj\adc.o
                0x08001b28                GPIO_Config_Camera_Adc1_PA1
 .text.ADC1_CH1_Config_Camera
                0x08001b84       0xac ..\obj\adc.o
                0x08001b84                ADC1_CH1_Config_Camera
 .text.pxPortInitialiseStack
                0x08001c30       0x68 ..\obj\port.o
                0x08001c30                pxPortInitialiseStack
 .text.SVC_Handler
                0x08001c98       0x20 ..\obj\port.o
                0x08001c98                SVC_Handler
 .text.vPortStartFirstTask
                0x08001cb8       0x14 ..\obj\port.o
                0x08001cb8                vPortStartFirstTask
 .text.xPortStartScheduler
                0x08001ccc       0x54 ..\obj\port.o
                0x08001ccc                xPortStartScheduler
 .text.vPortYieldFromISR
                0x08001d20       0x18 ..\obj\port.o
                0x08001d20                vPortYieldFromISR
 .text.vPortEnterCritical
                0x08001d38       0x2c ..\obj\port.o
                0x08001d38                vPortEnterCritical
 .text.vPortExitCritical
                0x08001d64       0x38 ..\obj\port.o
                0x08001d64                vPortExitCritical
 .text.PendSV_Handler
                0x08001d9c       0x58 ..\obj\port.o
                0x08001d9c                PendSV_Handler
 .text.SysTick_Handler
                0x08001df4       0x38 ..\obj\port.o
                0x08001df4                SysTick_Handler
 .text.prvSetupTimerInterrupt
                0x08001e2c       0x40 ..\obj\port.o
 .text.EXTI_Init
                0x08001e6c      0x138 ..\obj\stm32f4xx_exti.o
                0x08001e6c                EXTI_Init
 .text.EXTI_GetITStatus
                0x08001fa4       0x58 ..\obj\stm32f4xx_exti.o
                0x08001fa4                EXTI_GetITStatus
 .text.EXTI_ClearITPendingBit
                0x08001ffc       0x20 ..\obj\stm32f4xx_exti.o
                0x08001ffc                EXTI_ClearITPendingBit
 .text.NVIC_Init
                0x0800201c       0xe4 ..\obj\misc.o
                0x0800201c                NVIC_Init
 .text.TIM_TimeBaseInit
                0x08002100       0xf4 ..\obj\stm32f4xx_tim.o
                0x08002100                TIM_TimeBaseInit
 .text.TIM_ARRPreloadConfig
                0x080021f4       0x40 ..\obj\stm32f4xx_tim.o
                0x080021f4                TIM_ARRPreloadConfig
 .text.TIM_Cmd  0x08002234       0x40 ..\obj\stm32f4xx_tim.o
                0x08002234                TIM_Cmd
 .text.TIM_OC1Init
                0x08002274       0xfc ..\obj\stm32f4xx_tim.o
                0x08002274                TIM_OC1Init
 .text.TIM_OC1PreloadConfig
                0x08002370       0x38 ..\obj\stm32f4xx_tim.o
                0x08002370                TIM_OC1PreloadConfig
 .text.malloc   0x080023a8       0x10 c:/program files (x86)/gnu tools arm embedded/4.7 2013q3/bin/../lib/gcc/arm-none-eabi/4.7.4/../../../../arm-none-eabi/lib/armv7e-m/fpu\libg.a(lib_a-malloc.o)
                0x080023a8                malloc
 .text.free     0x080023b8       0x10 c:/program files (x86)/gnu tools arm embedded/4.7 2013q3/bin/../lib/gcc/arm-none-eabi/4.7.4/../../../../arm-none-eabi/lib/armv7e-m/fpu\libg.a(lib_a-malloc.o)
                0x080023b8                free
 .text._malloc_r
                0x080023c8      0x55c c:/program files (x86)/gnu tools arm embedded/4.7 2013q3/bin/../lib/gcc/arm-none-eabi/4.7.4/../../../../arm-none-eabi/lib/armv7e-m/fpu\libg.a(lib_a-mallocr.o)
                0x080023c8                _malloc_r
 .text.memset   0x08002924      0x12c c:/program files (x86)/gnu tools arm embedded/4.7 2013q3/bin/../lib/gcc/arm-none-eabi/4.7.4/../../../../arm-none-eabi/lib/armv7e-m/fpu\libg.a(lib_a-memset.o)
                0x08002924                memset
 .text.__malloc_lock
                0x08002a50        0x4 c:/program files (x86)/gnu tools arm embedded/4.7 2013q3/bin/../lib/gcc/arm-none-eabi/4.7.4/../../../../arm-none-eabi/lib/armv7e-m/fpu\libg.a(lib_a-mlock.o)
                0x08002a50                __malloc_lock
 .text.__malloc_unlock
                0x08002a54        0x4 c:/program files (x86)/gnu tools arm embedded/4.7 2013q3/bin/../lib/gcc/arm-none-eabi/4.7.4/../../../../arm-none-eabi/lib/armv7e-m/fpu\libg.a(lib_a-mlock.o)
                0x08002a54                __malloc_unlock
 .text._sbrk_r  0x08002a58       0x24 c:/program files (x86)/gnu tools arm embedded/4.7 2013q3/bin/../lib/gcc/arm-none-eabi/4.7.4/../../../../arm-none-eabi/lib/armv7e-m/fpu\libg.a(lib_a-sbrkr.o)
                0x08002a58                _sbrk_r
 .text.strncpy  0x08002a7c      0x110 c:/program files (x86)/gnu tools arm embedded/4.7 2013q3/bin/../lib/gcc/arm-none-eabi/4.7.4/../../../../arm-none-eabi/lib/armv7e-m/fpu\libg.a(lib_a-strncpy.o)
                0x08002a7c                strncpy
 .text._malloc_trim_r
                0x08002b8c       0x98 c:/program files (x86)/gnu tools arm embedded/4.7 2013q3/bin/../lib/gcc/arm-none-eabi/4.7.4/../../../../arm-none-eabi/lib/armv7e-m/fpu\libg.a(lib_a-freer.o)
                0x08002b8c                _malloc_trim_r
 .text._free_r  0x08002c24      0x194 c:/program files (x86)/gnu tools arm embedded/4.7 2013q3/bin/../lib/gcc/arm-none-eabi/4.7.4/../../../../arm-none-eabi/lib/armv7e-m/fpu\libg.a(lib_a-freer.o)
                0x08002c24                _free_r
 *(.glue_7t)
 .glue_7t       0x00000000        0x0 linker stubs
 *(.glue_7)
 .glue_7        0x00000000        0x0 linker stubs
 *(.rodata .rodata* .gnu.linkonce.r.*)
 .rodata        0x08002db8        0x8 ..\obj\main.o
 .rodata        0x08002dc0       0x60 ..\obj\tasks.o
 .rodata.str1.4
                0x08002e20        0x4 c:/program files (x86)/gnu tools arm embedded/4.7 2013q3/bin/../lib/gcc/arm-none-eabi/4.7.4/../../../../arm-none-eabi/lib/armv7e-m/fpu\libg.a(lib_a-impure.o)

.vfp11_veneer   0x08002e24        0x0
 .vfp11_veneer  0x00000000        0x0 linker stubs

.v4_bx          0x08002e24        0x0
 .v4_bx         0x00000000        0x0 linker stubs

.iplt           0x08002e24        0x0
 .iplt          0x00000000        0x0 ..\obj\stm32f4xx_syscfg.o

.rel.dyn        0x08002e24        0x0
 .rel.iplt      0x00000000        0x0 ..\obj\stm32f4xx_syscfg.o

.ARM.extab
 *(.ARM.extab* .gnu.linkonce.armextab.*)
                0x08002e24                __exidx_start = .

.ARM.exidx
 *(.ARM.exidx* .gnu.linkonce.armexidx.*)
                0x08002e24                __exidx_end = .
                0x08002e24                . = ALIGN (0x4)
                0x08002e24                _etext = .
                0x08002e24                _sidata = .

.data           0x20000000      0x85c load address 0x08002e24
                0x20000000                _sdata = .
 *(.data .data.*)
 .data          0x20000000        0x4 ..\obj\tasks.o
 .data          0x20000004       0x14 ..\obj\system_stm32f4xx.o
                0x20000004                SystemCoreClock
                0x20000008                AHBPrescTable
 .data          0x20000018        0x1 ..\obj\adc.o
 *fill*         0x20000019        0x3 00
 .data          0x2000001c        0x4 ..\obj\port.o
 .data.__malloc_av_
                0x20000020      0x408 c:/program files (x86)/gnu tools arm embedded/4.7 2013q3/bin/../lib/gcc/arm-none-eabi/4.7.4/../../../../arm-none-eabi/lib/armv7e-m/fpu\libg.a(lib_a-mallocr.o)
                0x20000020                __malloc_av_
 .data.__malloc_trim_threshold
                0x20000428        0x4 c:/program files (x86)/gnu tools arm embedded/4.7 2013q3/bin/../lib/gcc/arm-none-eabi/4.7.4/../../../../arm-none-eabi/lib/armv7e-m/fpu\libg.a(lib_a-mallocr.o)
                0x20000428                __malloc_trim_threshold
 .data.__malloc_sbrk_base
                0x2000042c        0x4 c:/program files (x86)/gnu tools arm embedded/4.7 2013q3/bin/../lib/gcc/arm-none-eabi/4.7.4/../../../../arm-none-eabi/lib/armv7e-m/fpu\libg.a(lib_a-mallocr.o)
                0x2000042c                __malloc_sbrk_base
 .data.impure_data
                0x20000430      0x428 c:/program files (x86)/gnu tools arm embedded/4.7 2013q3/bin/../lib/gcc/arm-none-eabi/4.7.4/../../../../arm-none-eabi/lib/armv7e-m/fpu\libg.a(lib_a-impure.o)
 .data._impure_ptr
                0x20000858        0x4 c:/program files (x86)/gnu tools arm embedded/4.7 2013q3/bin/../lib/gcc/arm-none-eabi/4.7.4/../../../../arm-none-eabi/lib/armv7e-m/fpu\libg.a(lib_a-impure.o)
                0x20000858                _impure_ptr
                0x2000085c                . = ALIGN (0x4)
                0x2000085c                _edata = .

.igot.plt       0x2000085c        0x0 load address 0x08003680
 .igot.plt      0x00000000        0x0 ..\obj\stm32f4xx_syscfg.o

.heap           0x2000085c     0x1000 load address 0x08003680
 .heap          0x2000085c     0x1000 ..\obj\startup_stm32f4xx.o
                0x2000085c                __HeapPool

.bss            0x2000185c      0x1fc load address 0x08004680
                0x2000185c                _sbss = .
 *(.bss .bss.*)
 .bss           0x2000185c        0x1 ..\obj\main.o
                0x2000185c                ucCompteur
 *fill*         0x2000185d        0x3 00
 .bss           0x20001860      0x13c ..\obj\tasks.o
                0x20001860                pxCurrentTCB
 .bss           0x2000199c        0x4 ..\obj\syscalls.o
 .bss.__malloc_max_total_mem
                0x200019a0        0x4 c:/program files (x86)/gnu tools arm embedded/4.7 2013q3/bin/../lib/gcc/arm-none-eabi/4.7.4/../../../../arm-none-eabi/lib/armv7e-m/fpu\libg.a(lib_a-mallocr.o)
                0x200019a0                __malloc_max_total_mem
 .bss.__malloc_max_sbrked_mem
                0x200019a4        0x4 c:/program files (x86)/gnu tools arm embedded/4.7 2013q3/bin/../lib/gcc/arm-none-eabi/4.7.4/../../../../arm-none-eabi/lib/armv7e-m/fpu\libg.a(lib_a-mallocr.o)
                0x200019a4                __malloc_max_sbrked_mem
 .bss.__malloc_top_pad
                0x200019a8        0x4 c:/program files (x86)/gnu tools arm embedded/4.7 2013q3/bin/../lib/gcc/arm-none-eabi/4.7.4/../../../../arm-none-eabi/lib/armv7e-m/fpu\libg.a(lib_a-mallocr.o)
                0x200019a8                __malloc_top_pad
 .bss.__malloc_current_mallinfo
                0x200019ac       0x28 c:/program files (x86)/gnu tools arm embedded/4.7 2013q3/bin/../lib/gcc/arm-none-eabi/4.7.4/../../../../arm-none-eabi/lib/armv7e-m/fpu\libg.a(lib_a-mallocr.o)
                0x200019ac                __malloc_current_mallinfo
 *(COMMON)
 COMMON         0x200019d4       0x80 ..\obj\adc.o
                0x200019d4                ADCResult
 COMMON         0x20001a54        0x4 c:/program files (x86)/gnu tools arm embedded/4.7 2013q3/bin/../lib/gcc/arm-none-eabi/4.7.4/../../../../arm-none-eabi/lib/armv7e-m/fpu\libg.a(lib_a-reent.o)
                0x20001a54                errno
                0x20001a58                . = ALIGN (0x4)
                0x20001a58                _ebss = .

.co_stack       0x20001a58      0x800 load address 0x0800487c
                0x20001a58                . = ALIGN (0x8)
 *(.co_stack .co_stack.*)
 .co_stack      0x20001a58      0x800 ..\obj\startup_stm32f4xx.o
                0x20001a58                pulStack
                0x20002258                . = ALIGN (0x4)
                0x20002258                _end = .
LOAD ..\obj\stm32f4xx_syscfg.o
LOAD ..\obj\camera.o
LOAD ..\obj\startup_stm32f4xx.o
LOAD ..\obj\main.o
LOAD ..\obj\stm32f4xx_rcc.o
LOAD ..\obj\interruption.o
LOAD ..\obj\timers.o
LOAD ..\obj\stm32f4xx_adc.o
LOAD ..\obj\tasks.o
LOAD ..\obj\stm32f4xx_gpio.o
LOAD ..\obj\list.o
LOAD ..\obj\system_stm32f4xx.o
LOAD ..\obj\syscalls.o
LOAD ..\obj\adc.o
LOAD ..\obj\port.o
LOAD ..\obj\queue.o
LOAD ..\obj\croutine.o
LOAD ..\obj\stm32f4xx_exti.o
LOAD ..\obj\misc.o
LOAD ..\obj\stm32f4xx_tim.o
START GROUP
LOAD c:/program files (x86)/gnu tools arm embedded/4.7 2013q3/bin/../lib/gcc/arm-none-eabi/4.7.4/armv7e-m/fpu\libgcc.a
LOAD c:/program files (x86)/gnu tools arm embedded/4.7 2013q3/bin/../lib/gcc/arm-none-eabi/4.7.4/../../../../arm-none-eabi/lib/armv7e-m/fpu\libg.a
LOAD c:/program files (x86)/gnu tools arm embedded/4.7 2013q3/bin/../lib/gcc/arm-none-eabi/4.7.4/../../../../arm-none-eabi/lib/armv7e-m/fpu\libc.a
END GROUP
OUTPUT(freeRTOS.elf elf32-littlearm)

.debug_info     0x00000000     0x7de7
 .debug_info    0x00000000      0x279 ..\obj\stm32f4xx_syscfg.o
 .debug_info    0x00000279      0x63d ..\obj\camera.o
 .debug_info    0x000008b6      0x126 ..\obj\startup_stm32f4xx.o
 .debug_info    0x000009dc      0x128 ..\obj\main.o
 .debug_info    0x00000b04      0xd49 ..\obj\stm32f4xx_rcc.o
 .debug_info    0x0000184d      0x419 ..\obj\interruption.o
 .debug_info    0x00001c66      0xd14 ..\obj\stm32f4xx_adc.o
 .debug_info    0x0000297a     0x11ff ..\obj\tasks.o
 .debug_info    0x00003b79      0x640 ..\obj\stm32f4xx_gpio.o
 .debug_info    0x000041b9      0x2d4 ..\obj\list.o
 .debug_info    0x0000448d      0x5f5 ..\obj\system_stm32f4xx.o
 .debug_info    0x00004a82      0x443 ..\obj\syscalls.o
 .debug_info    0x00004ec5      0x564 ..\obj\adc.o
 .debug_info    0x00005429      0x23c ..\obj\port.o
 .debug_info    0x00005665      0x373 ..\obj\stm32f4xx_exti.o
 .debug_info    0x000059d8      0x592 ..\obj\misc.o
 .debug_info    0x00005f6a     0x1e7d ..\obj\stm32f4xx_tim.o

.debug_abbrev   0x00000000     0x1600
 .debug_abbrev  0x00000000      0x133 ..\obj\stm32f4xx_syscfg.o
 .debug_abbrev  0x00000133      0x140 ..\obj\camera.o
 .debug_abbrev  0x00000273       0xb2 ..\obj\startup_stm32f4xx.o
 .debug_abbrev  0x00000325       0xe9 ..\obj\main.o
 .debug_abbrev  0x0000040e      0x1e5 ..\obj\stm32f4xx_rcc.o
 .debug_abbrev  0x000005f3       0xd3 ..\obj\interruption.o
 .debug_abbrev  0x000006c6      0x198 ..\obj\stm32f4xx_adc.o
 .debug_abbrev  0x0000085e      0x23f ..\obj\tasks.o
 .debug_abbrev  0x00000a9d      0x1a5 ..\obj\stm32f4xx_gpio.o
 .debug_abbrev  0x00000c42       0xb5 ..\obj\list.o
 .debug_abbrev  0x00000cf7      0x138 ..\obj\system_stm32f4xx.o
 .debug_abbrev  0x00000e2f       0xe4 ..\obj\syscalls.o
 .debug_abbrev  0x00000f13      0x139 ..\obj\adc.o
 .debug_abbrev  0x0000104c      0x15b ..\obj\port.o
 .debug_abbrev  0x000011a7      0x1a7 ..\obj\stm32f4xx_exti.o
 .debug_abbrev  0x0000134e      0x129 ..\obj\misc.o
 .debug_abbrev  0x00001477      0x189 ..\obj\stm32f4xx_tim.o

.debug_loc      0x00000000     0x3d7e
 .debug_loc     0x00000000      0x144 ..\obj\stm32f4xx_syscfg.o
 .debug_loc     0x00000144       0xa8 ..\obj\camera.o
 .debug_loc     0x000001ec       0x64 ..\obj\startup_stm32f4xx.o
 .debug_loc     0x00000250       0x90 ..\obj\main.o
 .debug_loc     0x000002e0      0x97c ..\obj\stm32f4xx_rcc.o
 .debug_loc     0x00000c5c       0x38 ..\obj\interruption.o
 .debug_loc     0x00000c94      0x838 ..\obj\stm32f4xx_adc.o
 .debug_loc     0x000014cc      0x8f6 ..\obj\tasks.o
 .debug_loc     0x00001dc2      0x310 ..\obj\stm32f4xx_gpio.o
 .debug_loc     0x000020d2      0x118 ..\obj\list.o
 .debug_loc     0x000021ea       0x9c ..\obj\system_stm32f4xx.o
 .debug_loc     0x00002286      0x1ec ..\obj\syscalls.o
 .debug_loc     0x00002472       0xa8 ..\obj\adc.o
 .debug_loc     0x0000251a      0x178 ..\obj\port.o
 .debug_loc     0x00002692      0x1b4 ..\obj\stm32f4xx_exti.o
 .debug_loc     0x00002846      0x118 ..\obj\misc.o
 .debug_loc     0x0000295e     0x1420 ..\obj\stm32f4xx_tim.o

.debug_aranges  0x00000000      0xaa0
 .debug_aranges
                0x00000000       0x48 ..\obj\stm32f4xx_syscfg.o
 .debug_aranges
                0x00000048       0x30 ..\obj\camera.o
 .debug_aranges
                0x00000078       0x28 ..\obj\startup_stm32f4xx.o
 .debug_aranges
                0x000000a0       0x30 ..\obj\main.o
 .debug_aranges
                0x000000d0      0x178 ..\obj\stm32f4xx_rcc.o
 .debug_aranges
                0x00000248       0x20 ..\obj\interruption.o
 .debug_aranges
                0x00000268      0x148 ..\obj\stm32f4xx_adc.o
 .debug_aranges
                0x000003b0      0x168 ..\obj\tasks.o
 .debug_aranges
                0x00000518       0x88 ..\obj\stm32f4xx_gpio.o
 .debug_aranges
                0x000005a0       0x40 ..\obj\list.o
 .debug_aranges
                0x000005e0       0x30 ..\obj\system_stm32f4xx.o
 .debug_aranges
                0x00000610       0x60 ..\obj\syscalls.o
 .debug_aranges
                0x00000670       0x30 ..\obj\adc.o
 .debug_aranges
                0x000006a0       0x70 ..\obj\port.o
 .debug_aranges
                0x00000710       0x58 ..\obj\stm32f4xx_exti.o
 .debug_aranges
                0x00000768       0x40 ..\obj\misc.o
 .debug_aranges
                0x000007a8      0x2f8 ..\obj\stm32f4xx_tim.o

.debug_ranges   0x00000000      0x990
 .debug_ranges  0x00000000       0x38 ..\obj\stm32f4xx_syscfg.o
 .debug_ranges  0x00000038       0x20 ..\obj\camera.o
 .debug_ranges  0x00000058       0x18 ..\obj\startup_stm32f4xx.o
 .debug_ranges  0x00000070       0x20 ..\obj\main.o
 .debug_ranges  0x00000090      0x168 ..\obj\stm32f4xx_rcc.o
 .debug_ranges  0x000001f8       0x10 ..\obj\interruption.o
 .debug_ranges  0x00000208      0x138 ..\obj\stm32f4xx_adc.o
 .debug_ranges  0x00000340      0x158 ..\obj\tasks.o
 .debug_ranges  0x00000498       0x78 ..\obj\stm32f4xx_gpio.o
 .debug_ranges  0x00000510       0x30 ..\obj\list.o
 .debug_ranges  0x00000540       0x20 ..\obj\system_stm32f4xx.o
 .debug_ranges  0x00000560       0x50 ..\obj\syscalls.o
 .debug_ranges  0x000005b0       0x20 ..\obj\adc.o
 .debug_ranges  0x000005d0       0x60 ..\obj\port.o
 .debug_ranges  0x00000630       0x48 ..\obj\stm32f4xx_exti.o
 .debug_ranges  0x00000678       0x30 ..\obj\misc.o
 .debug_ranges  0x000006a8      0x2e8 ..\obj\stm32f4xx_tim.o

.debug_line     0x00000000     0x39e1
 .debug_line    0x00000000      0x1fa ..\obj\stm32f4xx_syscfg.o
 .debug_line    0x000001fa      0x233 ..\obj\camera.o
 .debug_line    0x0000042d       0xb9 ..\obj\startup_stm32f4xx.o
 .debug_line    0x000004e6      0x1c6 ..\obj\main.o
 .debug_line    0x000006ac      0x582 ..\obj\stm32f4xx_rcc.o
 .debug_line    0x00000c2e      0x1e9 ..\obj\interruption.o
 .debug_line    0x00000e17      0x53b ..\obj\stm32f4xx_adc.o
 .debug_line    0x00001352      0x90a ..\obj\tasks.o
 .debug_line    0x00001c5c      0x326 ..\obj\stm32f4xx_gpio.o
 .debug_line    0x00001f82      0x278 ..\obj\list.o
 .debug_line    0x000021fa      0x1c7 ..\obj\system_stm32f4xx.o
 .debug_line    0x000023c1      0x1a7 ..\obj\syscalls.o
 .debug_line    0x00002568      0x228 ..\obj\adc.o
 .debug_line    0x00002790      0x339 ..\obj\port.o
 .debug_line    0x00002ac9      0x28c ..\obj\stm32f4xx_exti.o
 .debug_line    0x00002d55      0x22c ..\obj\misc.o
 .debug_line    0x00002f81      0xa60 ..\obj\stm32f4xx_tim.o

.debug_str      0x00000000     0x385b
 .debug_str     0x00000000      0x25a ..\obj\stm32f4xx_syscfg.o
                                0x2a7 (size before relaxing)
 .debug_str     0x0000025a      0x421 ..\obj\camera.o
                                0x52c (size before relaxing)
 .debug_str     0x0000067b       0xc0 ..\obj\startup_stm32f4xx.o
                                0x124 (size before relaxing)
 .debug_str     0x0000073b       0x67 ..\obj\main.o
                                0x16c (size before relaxing)
 .debug_str     0x000007a2      0x641 ..\obj\stm32f4xx_rcc.o
                                0x7f8 (size before relaxing)
 .debug_str     0x00000de3      0x6b2 ..\obj\interruption.o
                                0x7d2 (size before relaxing)
 .debug_str     0x00001495      0x63f ..\obj\stm32f4xx_adc.o
                                0x7ac (size before relaxing)
 .debug_str     0x00001ad4      0xa20 ..\obj\tasks.o
                                0xb4c (size before relaxing)
 .debug_str     0x000024f4      0x1a2 ..\obj\stm32f4xx_gpio.o
                                0x44b (size before relaxing)
 .debug_str     0x00002696       0xd0 ..\obj\list.o
                                0x265 (size before relaxing)
 .debug_str     0x00002766      0x11d ..\obj\system_stm32f4xx.o
                                0x352 (size before relaxing)
 .debug_str     0x00002883      0x168 ..\obj\syscalls.o
                                0x2aa (size before relaxing)
 .debug_str     0x000029eb       0xb4 ..\obj\adc.o
                                0x4cb (size before relaxing)
 .debug_str     0x00002a9f      0x155 ..\obj\port.o
                                0x28c (size before relaxing)
 .debug_str     0x00002bf4      0x105 ..\obj\stm32f4xx_exti.o
                                0x316 (size before relaxing)
 .debug_str     0x00002cf9      0x15f ..\obj\misc.o
                                0x381 (size before relaxing)
 .debug_str     0x00002e58      0xa03 ..\obj\stm32f4xx_tim.o
                                0xd78 (size before relaxing)

.comment        0x00000000       0x70
 .comment       0x00000000       0x70 ..\obj\stm32f4xx_syscfg.o
                                 0x71 (size before relaxing)
 .comment       0x00000000       0x71 ..\obj\camera.o
 .comment       0x00000000       0x71 ..\obj\startup_stm32f4xx.o
 .comment       0x00000000       0x71 ..\obj\main.o
 .comment       0x00000000       0x71 ..\obj\stm32f4xx_rcc.o
 .comment       0x00000000       0x71 ..\obj\interruption.o
 .comment       0x00000000       0x71 ..\obj\stm32f4xx_adc.o
 .comment       0x00000000       0x71 ..\obj\tasks.o
 .comment       0x00000000       0x71 ..\obj\stm32f4xx_gpio.o
 .comment       0x00000000       0x71 ..\obj\list.o
 .comment       0x00000000       0x71 ..\obj\system_stm32f4xx.o
 .comment       0x00000000       0x71 ..\obj\syscalls.o
 .comment       0x00000000       0x71 ..\obj\adc.o
 .comment       0x00000000       0x71 ..\obj\port.o
 .comment       0x00000000       0x71 ..\obj\stm32f4xx_exti.o
 .comment       0x00000000       0x71 ..\obj\misc.o
 .comment       0x00000000       0x71 ..\obj\stm32f4xx_tim.o

.ARM.attributes
                0x00000000       0x3b
 .ARM.attributes
                0x00000000       0x3b ..\obj\stm32f4xx_syscfg.o
 .ARM.attributes
                0x0000003b       0x3b ..\obj\camera.o
 .ARM.attributes
                0x00000076       0x3b ..\obj\startup_stm32f4xx.o
 .ARM.attributes
                0x000000b1       0x3b ..\obj\main.o
 .ARM.attributes
                0x000000ec       0x3b ..\obj\stm32f4xx_rcc.o
 .ARM.attributes
                0x00000127       0x3b ..\obj\interruption.o
 .ARM.attributes
                0x00000162       0x3b ..\obj\stm32f4xx_adc.o
 .ARM.attributes
                0x0000019d       0x3b ..\obj\tasks.o
 .ARM.attributes
                0x000001d8       0x3b ..\obj\stm32f4xx_gpio.o
 .ARM.attributes
                0x00000213       0x3b ..\obj\list.o
 .ARM.attributes
                0x0000024e       0x3b ..\obj\system_stm32f4xx.o
 .ARM.attributes
                0x00000289       0x3b ..\obj\syscalls.o
 .ARM.attributes
                0x000002c4       0x3b ..\obj\adc.o
 .ARM.attributes
                0x000002ff       0x3b ..\obj\port.o
 .ARM.attributes
                0x0000033a       0x3b ..\obj\stm32f4xx_exti.o
 .ARM.attributes
                0x00000375       0x3b ..\obj\misc.o
 .ARM.attributes
                0x000003b0       0x3b ..\obj\stm32f4xx_tim.o
 .ARM.attributes
                0x000003eb       0x36 c:/program files (x86)/gnu tools arm embedded/4.7 2013q3/bin/../lib/gcc/arm-none-eabi/4.7.4/../../../../arm-none-eabi/lib/armv7e-m/fpu\libg.a(lib_a-malloc.o)
 .ARM.attributes
                0x00000421       0x36 c:/program files (x86)/gnu tools arm embedded/4.7 2013q3/bin/../lib/gcc/arm-none-eabi/4.7.4/../../../../arm-none-eabi/lib/armv7e-m/fpu\libg.a(lib_a-mallocr.o)
 .ARM.attributes
                0x00000457       0x36 c:/program files (x86)/gnu tools arm embedded/4.7 2013q3/bin/../lib/gcc/arm-none-eabi/4.7.4/../../../../arm-none-eabi/lib/armv7e-m/fpu\libg.a(lib_a-memset.o)
 .ARM.attributes
                0x0000048d       0x36 c:/program files (x86)/gnu tools arm embedded/4.7 2013q3/bin/../lib/gcc/arm-none-eabi/4.7.4/../../../../arm-none-eabi/lib/armv7e-m/fpu\libg.a(lib_a-mlock.o)
 .ARM.attributes
                0x000004c3       0x36 c:/program files (x86)/gnu tools arm embedded/4.7 2013q3/bin/../lib/gcc/arm-none-eabi/4.7.4/../../../../arm-none-eabi/lib/armv7e-m/fpu\libg.a(lib_a-sbrkr.o)
 .ARM.attributes
                0x000004f9       0x36 c:/program files (x86)/gnu tools arm embedded/4.7 2013q3/bin/../lib/gcc/arm-none-eabi/4.7.4/../../../../arm-none-eabi/lib/armv7e-m/fpu\libg.a(lib_a-strncpy.o)
 .ARM.attributes
                0x0000052f       0x36 c:/program files (x86)/gnu tools arm embedded/4.7 2013q3/bin/../lib/gcc/arm-none-eabi/4.7.4/../../../../arm-none-eabi/lib/armv7e-m/fpu\libg.a(lib_a-freer.o)
 .ARM.attributes
                0x00000565       0x36 c:/program files (x86)/gnu tools arm embedded/4.7 2013q3/bin/../lib/gcc/arm-none-eabi/4.7.4/../../../../arm-none-eabi/lib/armv7e-m/fpu\libg.a(lib_a-impure.o)
 .ARM.attributes
                0x0000059b       0x36 c:/program files (x86)/gnu tools arm embedded/4.7 2013q3/bin/../lib/gcc/arm-none-eabi/4.7.4/../../../../arm-none-eabi/lib/armv7e-m/fpu\libg.a(lib_a-reent.o)

.debug_frame    0x00000000     0x22f4
 .debug_frame   0x00000000       0xbc ..\obj\stm32f4xx_syscfg.o
 .debug_frame   0x000000bc       0x70 ..\obj\camera.o
 .debug_frame   0x0000012c       0x48 ..\obj\startup_stm32f4xx.o
 .debug_frame   0x00000174       0x64 ..\obj\main.o
 .debug_frame   0x000001d8      0x4d8 ..\obj\stm32f4xx_rcc.o
 .debug_frame   0x000006b0       0x30 ..\obj\interruption.o
 .debug_frame   0x000006e0      0x434 ..\obj\stm32f4xx_adc.o
 .debug_frame   0x00000b14      0x520 ..\obj\tasks.o
 .debug_frame   0x00001034      0x19c ..\obj\stm32f4xx_gpio.o
 .debug_frame   0x000011d0       0x9c ..\obj\list.o
 .debug_frame   0x0000126c       0x64 ..\obj\system_stm32f4xx.o
 .debug_frame   0x000012d0      0x108 ..\obj\syscalls.o
 .debug_frame   0x000013d8       0x70 ..\obj\adc.o
 .debug_frame   0x00001448      0x110 ..\obj\port.o
 .debug_frame   0x00001558       0xec ..\obj\stm32f4xx_exti.o
 .debug_frame   0x00001644       0x9c ..\obj\misc.o
 .debug_frame   0x000016e0      0xa3c ..\obj\stm32f4xx_tim.o
 .debug_frame   0x0000211c       0x30 c:/program files (x86)/gnu tools arm embedded/4.7 2013q3/bin/../lib/gcc/arm-none-eabi/4.7.4/../../../../arm-none-eabi/lib/armv7e-m/fpu\libg.a(lib_a-malloc.o)
 .debug_frame   0x0000214c       0x38 c:/program files (x86)/gnu tools arm embedded/4.7 2013q3/bin/../lib/gcc/arm-none-eabi/4.7.4/../../../../arm-none-eabi/lib/armv7e-m/fpu\libg.a(lib_a-mallocr.o)
 .debug_frame   0x00002184       0x2c c:/program files (x86)/gnu tools arm embedded/4.7 2013q3/bin/../lib/gcc/arm-none-eabi/4.7.4/../../../../arm-none-eabi/lib/armv7e-m/fpu\libg.a(lib_a-memset.o)
 .debug_frame   0x000021b0       0x30 c:/program files (x86)/gnu tools arm embedded/4.7 2013q3/bin/../lib/gcc/arm-none-eabi/4.7.4/../../../../arm-none-eabi/lib/armv7e-m/fpu\libg.a(lib_a-mlock.o)
 .debug_frame   0x000021e0       0x2c c:/program files (x86)/gnu tools arm embedded/4.7 2013q3/bin/../lib/gcc/arm-none-eabi/4.7.4/../../../../arm-none-eabi/lib/armv7e-m/fpu\libg.a(lib_a-sbrkr.o)
 .debug_frame   0x0000220c       0x2c c:/program files (x86)/gnu tools arm embedded/4.7 2013q3/bin/../lib/gcc/arm-none-eabi/4.7.4/../../../../arm-none-eabi/lib/armv7e-m/fpu\libg.a(lib_a-strncpy.o)
 .debug_frame   0x00002238       0x50 c:/program files (x86)/gnu tools arm embedded/4.7 2013q3/bin/../lib/gcc/arm-none-eabi/4.7.4/../../../../arm-none-eabi/lib/armv7e-m/fpu\libg.a(lib_a-freer.o)
 .debug_frame   0x00002288       0x6c c:/program files (x86)/gnu tools arm embedded/4.7 2013q3/bin/../lib/gcc/arm-none-eabi/4.7.4/../../../../arm-none-eabi/lib/armv7e-m/fpu\libg.a(lib_a-reent.o)
